// Jest Snapshot v1, https://goo.gl/fbAQLP

exports[`NewEntry component renders the UI as expected 1`] = `
<div
  className="wrapper"
>
  <section
    className="card"
  >
    <h2
      className="card-title"
    >
      New Entry
    </h2>
    <div
      className="form"
    >
      <form
        className="form-details"
        onSubmit={[Function]}
      >
        <div
          className="mood-date"
        >
          <div
            className="new-entry-form-date"
          >
            4-10-2021
          </div>
          <div>
            <p
              className="new-entry-text"
            >
              I felt: 
            </p>
            <div
              className="mood-buttons"
            >
              <button
                className="btn"
                id="smile"
                onClick={[Function]}
                type="button"
              >
                <i
                  className="far fa-smile"
                />
              </button>
              <button
                className="btn"
                id="meh"
                onClick={[Function]}
                type="button"
              >
                <i
                  className="far fa-meh"
                />
              </button>
              <button
                className="btn"
                id="frown"
                onClick={[Function]}
                type="button"
              >
                <i
                  className="far fa-frown"
                />
              </button>
            </div>
          </div>
        </div>
        <div
          className="tech-buttons"
        >
          <p
            className="new-entry-text"
          >
            I focused on:
          </p>
          <ul
            className="profile-list"
          />
        </div>
        <div
          className="notes"
        >
          <p
            className="new-entry-text"
          >
            Notes:
          </p>
          <textarea
            className="rounded-input"
            id="learning_notes"
            name="learning_notes"
            onChange={[Function]}
            placeholder="I learned..."
            rows="5"
            value=""
          />
          <textarea
            className="rounded-input"
            id="struggling_notes"
            name="struggling_notes"
            onChange={[Function]}
            placeholder="I struggled with..."
            rows="5"
            value=""
          />
        </div>
        <div
          className="form-btn"
        >
          <button
            className="btn"
            disabled="Please enter at least your mood and your focus"
            type="submit"
          >
            Add entry
          </button>
          <div
            className="error"
          >
            Please enter at least your mood and your focus
          </div>
        </div>
      </form>
    </div>
  </section>
</div>
`;
