// Jest Snapshot v1, https://goo.gl/fbAQLP

exports[`Entry component renders the component by default 1`] = `
<section
  className="entry"
>
  <div
    className="vertical-border"
  />
  <div
    className="entry-info"
  >
    <div
      onClick={[Function]}
    >
      <div
        className="entry-date-mood"
      >
        <div />
        <div />
      </div>
      <div
        className="entry-tech"
      >
        <p />
         
      </div>
    </div>
    <div
      className="entry-buttons"
    >
      <button
        onClick={[Function]}
        type="button"
      >
        I learned
      </button>
      <button
        onClick={[Function]}
        type="button"
      >
        I struggled
      </button>
    </div>
    <div
      className="entry-notes"
    />
  </div>
</section>
`;
