// Jest Snapshot v1, https://goo.gl/fbAQLP

exports[`Entry component renders the component by default 1`] = `
<section
  className="card entry"
>
  <div
    className="entry-info"
  >
    <div
      className="entry-title"
      onClick={[Function]}
    >
      <div
        className="entry-date-mood"
      >
        <div
          className="entry-date"
        />
      </div>
      <div
        className="entry-tech"
      >
        <p
          className="tech-text"
        />
         
      </div>
    </div>
    <div />
  </div>
</section>
`;
