// Jest Snapshot v1, https://goo.gl/fbAQLP

exports[`NavBar component renders the component by default 1`] = `
<Fragment>
  <nav
    className="navbar"
  >
    <div
      className="navbar-toggle"
      onClick={[Function]}
    >
      <i
        className="fas fa-bars"
      />
    </div>
    <div
      className="logo"
    >
      <Link
        className="nav-links"
        to="/"
      >
        <i
          className="fas fa-layer-group"
        />
        My Learning Stack
      </Link>
    </div>
    <div
      className="main-nav"
    >
      <Link
        className="nav-links"
        to="/signup"
      >
        Sign Up
      </Link>
      <br />
      <Link
        className="nav-links"
        to={
          Object {
            "demo": true,
            "pathname": "/login",
          }
        }
      >
        Demo
      </Link>
      <br />
      <Link
        className="nav-links"
        to="/login"
      >
        Log in
      </Link>
    </div>
  </nav>
   
</Fragment>
`;
