// Jest Snapshot v1, https://goo.gl/fbAQLP

exports[`EntryList component renders the UI as expected 1`] = `
<section
  className="wrapper"
>
  <ul
    className="entry-list"
  >
    <li>
      <section
        className="entry"
      >
        <div
          className="vertical-border"
        />
        <div
          className="entry-info"
        >
          <div
            onClick={[Function]}
          >
            <div
              className="entry-date-mood"
            >
              <div>
                3/8/21
              </div>
              <div>
                <i
                  class="far fa-smile"
                />
              </div>
            </div>
            <div
              className="entry-tech"
            >
              <p>
                React
              </p>
               
            </div>
          </div>
          <div
            className="entry-buttons"
          >
            <button
              onClick={[Function]}
              type="button"
            >
              I learned
            </button>
            <button
              onClick={[Function]}
              type="button"
            >
              I struggled
            </button>
          </div>
          <div
            className="entry-notes"
          />
        </div>
      </section>
    </li>
    <li>
      <section
        className="entry"
      >
        <div
          className="vertical-border"
        />
        <div
          className="entry-info"
        >
          <div
            onClick={[Function]}
          >
            <div
              className="entry-date-mood"
            >
              <div>
                3/7/21
              </div>
              <div>
                <i
                  class="far fa-smile"
                />
              </div>
            </div>
            <div
              className="entry-tech"
            >
              <p>
                React
              </p>
               
            </div>
          </div>
          <div
            className="entry-buttons"
          >
            <button
              onClick={[Function]}
              type="button"
            >
              I learned
            </button>
            <button
              onClick={[Function]}
              type="button"
            >
              I struggled
            </button>
          </div>
          <div
            className="entry-notes"
          />
        </div>
      </section>
    </li>
    <li>
      <section
        className="entry"
      >
        <div
          className="vertical-border"
        />
        <div
          className="entry-info"
        >
          <div
            onClick={[Function]}
          >
            <div
              className="entry-date-mood"
            >
              <div>
                3/6/21
              </div>
              <div>
                <i
                  class="far fa-frown"
                />
              </div>
            </div>
            <div
              className="entry-tech"
            >
              <p>
                React
              </p>
               
            </div>
          </div>
          <div
            className="entry-buttons"
          >
            <button
              onClick={[Function]}
              type="button"
            >
              I learned
            </button>
            <button
              onClick={[Function]}
              type="button"
            >
              I struggled
            </button>
          </div>
          <div
            className="entry-notes"
          />
        </div>
      </section>
    </li>
    <li>
      <section
        className="entry"
      >
        <div
          className="vertical-border"
        />
        <div
          className="entry-info"
        >
          <div
            onClick={[Function]}
          >
            <div
              className="entry-date-mood"
            >
              <div>
                3/5/21
              </div>
              <div>
                <i
                  class="far fa-smile"
                />
              </div>
            </div>
            <div
              className="entry-tech"
            >
              <p>
                React
              </p>
               
            </div>
          </div>
          <div
            className="entry-buttons"
          >
            <button
              onClick={[Function]}
              type="button"
            >
              I learned
            </button>
            <button
              onClick={[Function]}
              type="button"
            >
              I struggled
            </button>
          </div>
          <div
            className="entry-notes"
          />
        </div>
      </section>
    </li>
    <li>
      <section
        className="entry"
      >
        <div
          className="vertical-border"
        />
        <div
          className="entry-info"
        >
          <div
            onClick={[Function]}
          >
            <div
              className="entry-date-mood"
            >
              <div>
                3/4/21
              </div>
              <div>
                <i
                  class="far fa-meh"
                />
              </div>
            </div>
            <div
              className="entry-tech"
            >
              <p>
                Javascript
              </p>
               
            </div>
          </div>
          <div
            className="entry-buttons"
          >
            <button
              onClick={[Function]}
              type="button"
            >
              I learned
            </button>
            <button
              onClick={[Function]}
              type="button"
            >
              I struggled
            </button>
          </div>
          <div
            className="entry-notes"
          />
        </div>
      </section>
    </li>
  </ul>
</section>
`;
